// Jest Snapshot v1, https://goo.gl/fbAQLP

exports[`app should match snapshot 1`] = `
<body>
  
    
  <header
    class="heading"
  />
  
    
  <section
    class="section-1"
  />
  
    
  <script
    src="./bundle.js"
  />
</body>
`;
